src/components/account/OrdersList.tsx(51,34): error TS2339: Property 'order_items' does not exist on type 'Order'.
